---
source: crates/fireside-tui/src/render/tests.rs
expression: "screen(&app, 60, 18)"
---
 Hello, Fireside                   layout-demo  ·  4/6 seen 
──●──╭ Keys ──────────────────────────────────────────╮─────
     │ Space / → / Enter next slide                   │     
╭────│ ← / Backspace     previous slide               │────╮
│    │ ↑ / ↓             pick a choice · scroll       │    │
│   ▎│ 1–9 or a letter   take a choice directly       │    │
│    │ m                 map — see and jump anywhere  │    │
│   L│ click             a map row or branch option to│    │
│   w│ f                 fullscreen on/off            │    │
│   a│ s                 speaker notes                │    │
│   s│ e                 quick-edit heading/text on th│    │
│    │ t                 elapsed timer                │    │
│    │ q                 quit                         │    │
│    │                                                │)   │
│    │ press any key to close                         │    │
╰────╰────────────────────────────────────────────────╯────╯
                                                            
 Space next  ·  ← back  ·  m map  ·  e edit  ·  ? help  ·  q
