---
source: crates/fireside-tui/src/render/tests.rs
expression: "screen(&app, 60, 18)"
---
 Hello, Fireside                         intro  ·  1/6 seen 
──◉───○───○─────────────────────────────────────────────────
                                                            
╭──────────────────────────────────────────────────────────╮
│                                                          │
│                     Hello, Fireside                      │
│                     ───────────────                      │
│                                                          │
│        ─ ascii-art ─────────────────────────────         │
│           _____ ___ ____  _____ ____ ___ ____  …         │
│          |  ___|_ _|  _ \| ____/ ___|_ _|  _ \|…         │
│          | |_   | || |_) |  _| \___ \| || | | |…         │
│          |  _|  | ||  _ <| |___ ___) | || |_| |…         │
│          |_|   |___|_| \_\_____|____/___|___▼ more (↓)   │
│                                                          │
╰──────────────────────────────────────────────────────────╯
                                                            
 Space next  ·  ← back  ·  m map  ·  e edit  ·  ? help  ·  q
