---
source: crates/fireside-tui/src/render/tests.rs
expression: "screen(&app, 80, 24)"
---
 Fireside                                                        a  ·  1/1 seen 
──◉─■───────────────────────────────────────────────────────────────────────────
                                                                                
╭──────────────────────────────────────────────────────────────────────────────╮
│                                                                              │
│                                                                              │
│                                                                              │
│                                                                              │
│                                                                              │
│                                                                              │
│                                                                              │
│                                                                              │
│   Left column                                                                │
│                                                                              │
│                                                                              │
│                                                                              │
│                                                                              │
│                                                                              │
│                                                                              │
│                                                                              │
│                                                                              │
╰──────────────────────────────────────────────────────────────────────────────╯
                                                                                
 0/1 revealed  ·  Space reveal  ·  ← back  ·  m map  ·  e edit  ·  ? help  ·  q
